Microchip MPLAB XC8 Compiler V1.33 ()

Linker command line:

--edf=C:\Program Files (x86)\Microchip\xc8\v1.33\dat\en_msgs.txt -cs \
  -h+dist/default/production\avr-codestyle-using.X.production.sym \
  --cmf=dist/default/production\avr-codestyle-using.X.production.cmf -z \
  -Q16F628A -oC:\Users\THIAGO~1\AppData\Local\Temp\s3u0.6 \
  -Mdist/default/production/avr-codestyle-using.X.production.map -E1 \
  -ver=XC8 -ASTACK=020h-06fh -pstack=STACK -ACONST=00h-0FFhx8 \
  -ACODE=00h-07FFh -ASTRCODE=00h-07FFh -AENTRY=00h-0FFhx8 \
  -ASTRING=00h-0FFhx8 -ACOMMON=070h-07Fh -ABANK0=020h-06Fh \
  -ABANK1=0A0h-0EFh -ABANK2=0120h-014Fh \
  -ARAM=020h-06Fh,0A0h-0EFh,0120h-014Fh \
  -AABS1=020h-07Fh,0A0h-0EFh,0120h-014Fh -ASFR0=00h-01Fh -ASFR1=080h-09Fh \
  -ASFR2=0100h-011Fh -ASFR3=0180h-01EFh \
  -preset_vec=00h,intentry=04h,init,end_init -ppowerup=CODE -pcinit=CODE \
  -pfunctab=CODE -ACONFIG=02007h-02007h -pconfig=CONFIG -DCONFIG=2 \
  -AIDLOC=02000h-02003h -pidloc=IDLOC -DIDLOC=2 -AEEDATA=00h-07Fh/02100h \
  -peeprom_data=EEDATA -DEEDATA=2 -DCODE=2 -DSTRCODE=2 -DSTRING=2 -DCONST=2 \
  -DENTRY=2 -k C:\Users\THIAGO~1\AppData\Local\Temp\s3u0.obj \
  dist/default/production\avr-codestyle-using.X.production.obj 

Object code version is 3.11

Machine type is 16F628A



                Name                               Link     Load   Length Selector   Space Scale
C:\Users\THIAGO~1\AppData\Local\Temp\s3u0.obj
                end_init                             10       10        1        8       0
                reset_vec                             0        0        1        0       0
                config                             2007     2007        1     400E       0
dist/default/production\avr-codestyle-using.X.production.obj
                cinit                                11       11        8        8       0
                intentry                              4        4        C        8       0
                text11                               C6       C6       1B       C8       0
                text10                              108      108        E       C8       0
                text9                               139      139        8       C8       0
                text8                               131      131        8       C8       0
                text7                               129      129        8       C8       0
                text6                               116      116        B       C8       0
                text5                                A9       A9       1D       C8       0
                text4                                8C       8C       1D       C8       0
                text3                                E1       E1       17       C8       0
                text2                               121      121        8       C8       0
                text1                                F8       F8       10       C8       0
                maintext                             64       64       28       C8       0
                cstackCOMMON                         70       70        9       70       1
                dataCOMMON                           7B       7B        2       70       1
                bssCOMMON                            79       79        2       70       1
                strings                              19       19       4B       32       0
                idataCOMMON                         141      141        2       C8       0

TOTAL           Name                               Link     Load   Length     Space
        CLASS   STACK          

        CLASS   CONST          

        CLASS   CODE           
                end_init                             10       10        1         0
                cinit                                11       11        8         0
                intentry                              4        4        C         0
                reset_vec                             0        0        1         0
                text11                               C6       C6       1B         0
                text10                              108      108        E         0
                text9                               139      139        8         0
                text8                               131      131        8         0
                text7                               129      129        8         0
                text6                               116      116        B         0
                text5                                A9       A9       1D         0
                text4                                8C       8C       1D         0
                text3                                E1       E1       17         0
                text2                               121      121        8         0
                text1                                F8       F8       10         0
                maintext                             64       64       28         0
                idataCOMMON                         141      141        2         0

        CLASS   STRCODE        

        CLASS   ENTRY          

        CLASS   STRING         
                strings                              19       19       4B         0

        CLASS   COMMON         
                cstackCOMMON                         70       70        9         1
                dataCOMMON                           7B       7B        2         1
                bssCOMMON                            79       79        2         1

        CLASS   BANK0          

        CLASS   BANK1          

        CLASS   BANK2          

        CLASS   RAM            

        CLASS   ABS1           
                abs_s1                               7E       7E        2         1

        CLASS   SFR0           

        CLASS   SFR1           

        CLASS   SFR2           

        CLASS   SFR3           

        CLASS   CONFIG         
                config                             2007     2007        1         0

        CLASS   IDLOC          

        CLASS   EEDATA         

        CLASS   BANK3          



SEGMENTS        Name                           Load    Length   Top    Selector   Space  Class     Delta

                reset_vec                      000000  000001  000001         0       0  CODE        2
                intentry                       000004  000015  000019         8       0  CODE        2
                strings                        000019  00004B  000064        32       0  STRING      2
                cstackCOMMON                   000070  00000D  00007D        70       1  COMMON      1
                maintext                       000064  0000DF  000143        C8       0  CODE        2
                config                         002007  000001  002008      400E       0  CONFIG      2


UNUSED ADDRESS RANGES

        Name                Unused          Largest block    Delta
        BANK0            0020-006F             50           1
        BANK1            00A0-00EF             50           1
        BANK2            0120-014F             30           1
        CODE             0001-0003              3           2
                         0143-07FF            6BD
        COMMON           007D-007D              1           1
        CONST            0001-0003              3           2
                         0143-07FF            100
        EEDATA           2100-217F             80           2
        ENTRY            0001-0003              3           2
                         0143-07FF            100
        IDLOC            2000-2003              4           2
        RAM              0020-006F             50           1
                         00A0-00EF             50
                         0120-014F             30
        SFR0             0000-001F             20           1
        SFR1             0080-009F             20           1
        SFR2             0100-011F             20           1
        SFR3             0180-01EF             70           1
        STACK            0020-006F             50           1
        STRCODE          0001-0003              3           2
                         0143-07FF            6BD
        STRING           0001-0003              3           2
                         0143-07FF            100

                                  Symbol Table

_CMCON                        (abs)        001F
_INTCON                       (abs)        000B
_ISR                          text11       00C6
_OPTION_REG                   (abs)        0081
_PCON                         (abs)        008E
_PIE1                         (abs)        008C
_PIR1                         (abs)        000C
_PORTA                        (abs)        0005
_PORTB                        (abs)        0006
_RCSTA                        (abs)        0018
_SPBRG                        (abs)        0099
_T1CON                        (abs)        0010
_TMR1H                        (abs)        000F
_TMR1L                        (abs)        000E
_TRISA                        (abs)        0085
_TRISB                        (abs)        0086
_TXREG                        (abs)        0019
_TXSTA                        (abs)        0098
__CFG_BOREN$ON                (abs)        0000
__CFG_CP$OFF                  (abs)        0000
__CFG_CPD$OFF                 (abs)        0000
__CFG_FOSC$INTOSCIO           (abs)        0000
__CFG_LVP$OFF                 (abs)        0000
__CFG_MCLRE$ON                (abs)        0000
__CFG_PWRTE$ON                (abs)        0000
__CFG_WDTE$OFF                (abs)        0000
__Habs1                       abs1         0000
__Hbank0                      bank0        0000
__Hbank1                      bank1        0000
__Hbank2                      bank2        0000
__Hbank3                      bank3        0000
__HbssCOMMON                  bssCOMMON    0000
__Hcinit                      cinit        0019
__Hclrtext                    clrtext      0000
__Hcode                       code         0000
__Hcommon                     common       0000
__Hconfig                     config       2008
__HcstackCOMMON               cstackCOMMON 0000
__HdataCOMMON                 dataCOMMON   0000
__Heeprom_data                eeprom_data  0000
__Hend_init                   end_init     0011
__Hfunctab                    functab      0000
__HidataCOMMON                idataCOMMON  0000
__Hidloc                      idloc        0000
__Hinit                       init         0010
__Hintentry                   intentry     0010
__Hmaintext                   maintext     0000
__Hpowerup                    powerup      0000
__Hram                        ram          0000
__Hreset_vec                  reset_vec    0001
__Hsfr0                       sfr0         0000
__Hsfr1                       sfr1         0000
__Hsfr2                       sfr2         0000
__Hsfr3                       sfr3         0000
__Hspace_0                    (abs)        2008
__Hspace_1                    (abs)        007D
__Hspace_2                    (abs)        0000
__Hspace_3                    (abs)        0000
__Hstack                      stack        0000
__Hstrings                    strings      0000
__Htext                       text         0000
__Labs1                       abs1         0000
__Lbank0                      bank0        0000
__Lbank1                      bank1        0000
__Lbank2                      bank2        0000
__Lbank3                      bank3        0000
__LbssCOMMON                  bssCOMMON    0000
__Lcinit                      cinit        0011
__Lclrtext                    clrtext      0000
__Lcode                       code         0000
__Lcommon                     common       0000
__Lconfig                     config       2007
__LcstackCOMMON               cstackCOMMON 0000
__LdataCOMMON                 dataCOMMON   0000
__Leeprom_data                eeprom_data  0000
__Lend_init                   end_init     0010
__Lfunctab                    functab      0000
__LidataCOMMON                idataCOMMON  0000
__Lidloc                      idloc        0000
__Linit                       init         0010
__Lintentry                   intentry     0004
__Lmaintext                   maintext     0000
__Lpowerup                    powerup      0000
__Lram                        ram          0000
__Lreset_vec                  reset_vec    0000
__Lsfr0                       sfr0         0000
__Lsfr1                       sfr1         0000
__Lsfr2                       sfr2         0000
__Lsfr3                       sfr3         0000
__Lspace_0                    (abs)        0000
__Lspace_1                    (abs)        0000
__Lspace_2                    (abs)        0000
__Lspace_3                    (abs)        0000
__Lstack                      stack        0000
__Lstrings                    strings      0000
__Ltext                       text         0000
__S0                          (abs)        2008
__S1                          (abs)        007D
__S2                          (abs)        0000
__S3                          (abs)        0000
___int_sp                     stack        0000
___latbits                    (abs)        0000
___sp                         stack        0000
__end_of_ISR                  text11       00E1
__end_of__initialization      cinit        0017
__end_of__stringdata          strings      0064
__end_of__stringtab           strings      001F
__end_of_ledsConfig           text10       0116
__end_of_ledsEnviado          text9        0141
__end_of_ledsEnviando         text8        0139
__end_of_ledsStandBy          text7        0131
__end_of_main                 maintext     008C
__end_of_pullUpConfig         text6        0121
__end_of_setTimeOut           text5        00C6
__end_of_timer1Init           text4        00A9
__end_of_usartInit            text3        00F8
__end_of_usartPutStringConst  text1        0108
__end_of_usartSend            text2        0129
__initialization              cinit        0011
__pbssCOMMON                  bssCOMMON    0079
__pcstackCOMMON               cstackCOMMON 0070
__pdataCOMMON                 dataCOMMON   007B
__pidataCOMMON                idataCOMMON  0141
__pintentry                   intentry     0004
__pmaintext                   maintext     0064
__pstrings                    strings      0019
__ptext1                      text1        00F8
__ptext10                     text10       0108
__ptext11                     text11       00C6
__ptext2                      text2        0121
__ptext3                      text3        00E1
__ptext4                      text4        008C
__ptext5                      text5        00A9
__ptext6                      text6        0116
__ptext7                      text7        0129
__ptext8                      text8        0131
__ptext9                      text9        0139
__size_of_ISR                 (abs)        0000
__size_of_ledsConfig          (abs)        0000
__size_of_ledsEnviado         (abs)        0000
__size_of_ledsEnviando        (abs)        0000
__size_of_ledsStandBy         (abs)        0000
__size_of_main                (abs)        0000
__size_of_pullUpConfig        (abs)        0000
__size_of_setTimeOut          (abs)        0000
__size_of_timer1Init          (abs)        0000
__size_of_usartInit           (abs)        0000
__size_of_usartPutStringConst (abs)        0000
__size_of_usartSend           (abs)        0000
__stringbase                  strings      001E
__stringdata                  strings      001F
__stringtab                   strings      0019
_ledsConfig                   text10       0108
_ledsEnviado                  text9        0139
_ledsEnviando                 text8        0131
_ledsStandBy                  text7        0129
_main                         maintext     0064
_pullUpConfig                 text6        0116
_setTimeOut                   text5        00A9
_timer1Init                   text4        008C
_timerCounter                 bssCOMMON    0079
_tmr1High                     dataCOMMON   007B
_tmr1Low                      dataCOMMON   007C
_usartInit                    text3        00E1
_usartPutStringConst          text1        00F8
_usartSend                    text2        0121
btemp                         (abs)        007E
end_of_initialization         cinit        0017
interrupt_function            intentry     0004
intlevel0                     functab      0000
intlevel1                     functab      0000
intlevel2                     functab      0000
intlevel3                     functab      0000
intlevel4                     functab      0000
intlevel5                     functab      0000
ltemp                         (abs)        007E
ltemp0                        (abs)        007E
ltemp1                        (abs)        0082
ltemp2                        (abs)        0086
ltemp3                        (abs)        0080
reset_vec                     reset_vec    0000
saved_w                       (abs)        007E
setTimeOut@interval           cstackCOMMON 0075
stackhi                       (abs)        0000
stacklo                       (abs)        0000
start                         init         0010
start_initialization          cinit        0011
ttemp                         (abs)        007E
ttemp0                        (abs)        007E
ttemp1                        (abs)        0081
ttemp2                        (abs)        0084
ttemp3                        (abs)        0087
ttemp4                        (abs)        007F
usartPutStringConst@dataPtr   cstackCOMMON 0077
usartSend@data                cstackCOMMON 0075
wtemp                         (abs)        007E
wtemp0                        (abs)        007E
wtemp1                        (abs)        0080
wtemp2                        (abs)        0082
wtemp3                        (abs)        0084
wtemp4                        (abs)        0086
wtemp5                        (abs)        0088
wtemp6                        (abs)        007F


FUNCTION INFORMATION:

 *************** function _main *****************
 Defined at:
		line 52 in file "main.c"
 Parameters:    Size  Location     Type
		None
 Auto vars:     Size  Location     Type
		None
 Return value:  Size  Location     Type
                  2   60[COMMON] int 
 Registers used:
		wreg, fsr0l, fsr0h, status,2, status,0, pclath, cstack
 Tracked objects:
		On entry : 
		On exit  : 
		Unchanged: 
 Data sizes:     COMMON   BANK0   BANK1   BANK2
      Params:         0       0       0       0
      Locals:         0       0       0       0
      Temps:          1       0       0       0
      Totals:         1       0       0       0
Total ram usage:        1 bytes
 Hardware stack levels required when called:    3
 This function calls:
		_ledsConfig
		_ledsEnviado
		_ledsEnviando
		_ledsStandBy
		_pullUpConfig
		_setTimeOut
		_timer1Init
		_usartInit
		_usartPutStringConst
 This function is called by:
		Startup code after reset
 This function uses a non-reentrant model


 *************** function _usartPutStringConst *****************
 Defined at:
		line 92 in file "main.c"
 Parameters:    Size  Location     Type
  dataPtr         1    wreg     PTR const unsigned char 
		 -> STR_1(69), 
 Auto vars:     Size  Location     Type
  dataPtr         1    7[COMMON] PTR const unsigned char 
		 -> STR_1(69), 
 Return value:  Size  Location     Type
		None               void
 Registers used:
		wreg, fsr0l, fsr0h, status,2, status,0, pclath, cstack
 Tracked objects:
		On entry : 
		On exit  : 
		Unchanged: 
 Data sizes:     COMMON   BANK0   BANK1   BANK2
      Params:         0       0       0       0
      Locals:         1       0       0       0
      Temps:          1       0       0       0
      Totals:         2       0       0       0
Total ram usage:        2 bytes
 Hardware stack levels used:    1
 Hardware stack levels required when called:    2
 This function calls:
		_usartSend
 This function is called by:
		_main
 This function uses a non-reentrant model


 *************** function _usartSend *****************
 Defined at:
		line 86 in file "main.c"
 Parameters:    Size  Location     Type
  data            1    wreg     unsigned char 
 Auto vars:     Size  Location     Type
  data            1    5[COMMON] unsigned char 
 Return value:  Size  Location     Type
		None               void
 Registers used:
		wreg
 Tracked objects:
		On entry : 
		On exit  : 
		Unchanged: 
 Data sizes:     COMMON   BANK0   BANK1   BANK2
      Params:         0       0       0       0
      Locals:         1       0       0       0
      Temps:          0       0       0       0
      Totals:         1       0       0       0
Total ram usage:        1 bytes
 Hardware stack levels used:    1
 Hardware stack levels required when called:    1
 This function calls:
		Nothing
 This function is called by:
		_usartPutStringConst
 This function uses a non-reentrant model


 *************** function _usartInit *****************
 Defined at:
		line 74 in file "main.c"
 Parameters:    Size  Location     Type
		None
 Auto vars:     Size  Location     Type
		None
 Return value:  Size  Location     Type
		None               void
 Registers used:
		wreg, status,2, status,0
 Tracked objects:
		On entry : 
		On exit  : 
		Unchanged: 
 Data sizes:     COMMON   BANK0   BANK1   BANK2
      Params:         0       0       0       0
      Locals:         0       0       0       0
      Temps:          1       0       0       0
      Totals:         1       0       0       0
Total ram usage:        1 bytes
 Hardware stack levels used:    1
 Hardware stack levels required when called:    1
 This function calls:
		Nothing
 This function is called by:
		_main
 This function uses a non-reentrant model


 *************** function _timer1Init *****************
 Defined at:
		line 100 in file "main.c"
 Parameters:    Size  Location     Type
		None
 Auto vars:     Size  Location     Type
		None
 Return value:  Size  Location     Type
		None               void
 Registers used:
		wreg, status,2, status,0
 Tracked objects:
		On entry : 
		On exit  : 
		Unchanged: 
 Data sizes:     COMMON   BANK0   BANK1   BANK2
      Params:         0       0       0       0
      Locals:         0       0       0       0
      Temps:          1       0       0       0
      Totals:         1       0       0       0
Total ram usage:        1 bytes
 Hardware stack levels used:    1
 Hardware stack levels required when called:    1
 This function calls:
		Nothing
 This function is called by:
		_main
 This function uses a non-reentrant model


 *************** function _setTimeOut *****************
 Defined at:
		line 113 in file "main.c"
 Parameters:    Size  Location     Type
  interval        2    5[COMMON] unsigned int 
 Auto vars:     Size  Location     Type
		None
 Return value:  Size  Location     Type
		None               void
 Registers used:
		wreg, status,2, status,0
 Tracked objects:
		On entry : 
		On exit  : 
		Unchanged: 
 Data sizes:     COMMON   BANK0   BANK1   BANK2
      Params:         2       0       0       0
      Locals:         0       0       0       0
      Temps:          1       0       0       0
      Totals:         3       0       0       0
Total ram usage:        3 bytes
 Hardware stack levels used:    1
 Hardware stack levels required when called:    1
 This function calls:
		Nothing
 This function is called by:
		_main
 This function uses a non-reentrant model


 *************** function _pullUpConfig *****************
 Defined at:
		line 150 in file "main.c"
 Parameters:    Size  Location     Type
		None
 Auto vars:     Size  Location     Type
		None
 Return value:  Size  Location     Type
		None               void
 Registers used:
		wreg, status,2, status,0
 Tracked objects:
		On entry : 
		On exit  : 
		Unchanged: 
 Data sizes:     COMMON   BANK0   BANK1   BANK2
      Params:         0       0       0       0
      Locals:         0       0       0       0
      Temps:          1       0       0       0
      Totals:         1       0       0       0
Total ram usage:        1 bytes
 Hardware stack levels used:    1
 Hardware stack levels required when called:    1
 This function calls:
		Nothing
 This function is called by:
		_main
 This function uses a non-reentrant model


 *************** function _ledsStandBy *****************
 Defined at:
		line 144 in file "main.c"
 Parameters:    Size  Location     Type
		None
 Auto vars:     Size  Location     Type
		None
 Return value:  Size  Location     Type
		None               void
 Registers used:
		wreg, status,2, status,0
 Tracked objects:
		On entry : 
		On exit  : 
		Unchanged: 
 Data sizes:     COMMON   BANK0   BANK1   BANK2
      Params:         0       0       0       0
      Locals:         0       0       0       0
      Temps:          1       0       0       0
      Totals:         1       0       0       0
Total ram usage:        1 bytes
 Hardware stack levels used:    1
 Hardware stack levels required when called:    1
 This function calls:
		Nothing
 This function is called by:
		_main
 This function uses a non-reentrant model


 *************** function _ledsEnviando *****************
 Defined at:
		line 132 in file "main.c"
 Parameters:    Size  Location     Type
		None
 Auto vars:     Size  Location     Type
		None
 Return value:  Size  Location     Type
		None               void
 Registers used:
		wreg, status,2, status,0
 Tracked objects:
		On entry : 
		On exit  : 
		Unchanged: 
 Data sizes:     COMMON   BANK0   BANK1   BANK2
      Params:         0       0       0       0
      Locals:         0       0       0       0
      Temps:          1       0       0       0
      Totals:         1       0       0       0
Total ram usage:        1 bytes
 Hardware stack levels used:    1
 Hardware stack levels required when called:    1
 This function calls:
		Nothing
 This function is called by:
		_main
 This function uses a non-reentrant model


 *************** function _ledsEnviado *****************
 Defined at:
		line 138 in file "main.c"
 Parameters:    Size  Location     Type
		None
 Auto vars:     Size  Location     Type
		None
 Return value:  Size  Location     Type
		None               void
 Registers used:
		wreg, status,2, status,0
 Tracked objects:
		On entry : 
		On exit  : 
		Unchanged: 
 Data sizes:     COMMON   BANK0   BANK1   BANK2
      Params:         0       0       0       0
      Locals:         0       0       0       0
      Temps:          1       0       0       0
      Totals:         1       0       0       0
Total ram usage:        1 bytes
 Hardware stack levels used:    1
 Hardware stack levels required when called:    1
 This function calls:
		Nothing
 This function is called by:
		_main
 This function uses a non-reentrant model


 *************** function _ledsConfig *****************
 Defined at:
		line 125 in file "main.c"
 Parameters:    Size  Location     Type
		None
 Auto vars:     Size  Location     Type
		None
 Return value:  Size  Location     Type
		None               void
 Registers used:
		wreg, status,2, status,0
 Tracked objects:
		On entry : 
		On exit  : 
		Unchanged: 
 Data sizes:     COMMON   BANK0   BANK1   BANK2
      Params:         0       0       0       0
      Locals:         0       0       0       0
      Temps:          1       0       0       0
      Totals:         1       0       0       0
Total ram usage:        1 bytes
 Hardware stack levels used:    1
 Hardware stack levels required when called:    1
 This function calls:
		Nothing
 This function is called by:
		_main
 This function uses a non-reentrant model


 *************** function _ISR *****************
 Defined at:
		line 157 in file "main.c"
 Parameters:    Size  Location     Type
		None
 Auto vars:     Size  Location     Type
		None
 Return value:  Size  Location     Type
		None               void
 Registers used:
		wreg, status,2, status,0
 Tracked objects:
		On entry : 
		On exit  : 
		Unchanged: 
 Data sizes:     COMMON   BANK0   BANK1   BANK2
      Params:         0       0       0       0
      Locals:         0       0       0       0
      Temps:          5       0       0       0
      Totals:         5       0       0       0
Total ram usage:        5 bytes
 Hardware stack levels used:    1
 This function calls:
		Nothing
 This function is called by:
		Interrupt level 1
 This function uses a non-reentrant model



MODULE INFORMATION

Module		Function		Class		Link	Load	Size
shared
		__stringtab    		STRING         	0019	0000	6
		__stringdata   		STRING         	001F	0000	69
		__initializatio		CODE           	0011	0000	6

shared estimated size: 81

main.c
		_pullUpConfig  		CODE           	0116	0000	11
		_ISR           		CODE           	00C6	0000	27
		_main          		CODE           	0064	0000	40
		_usartPutString		CODE           	00F8	0000	16
		_ledsEnviado   		CODE           	0139	0000	8
		_usartInit     		CODE           	00E1	0000	23
		_ledsStandBy   		CODE           	0129	0000	8
		_ledsEnviando  		CODE           	0131	0000	8
		_timer1Init    		CODE           	008C	0000	29
		_setTimeOut    		CODE           	00A9	0000	29
		_usartSend     		CODE           	0121	0000	8
		_ledsConfig    		CODE           	0108	0000	14

main.c estimated size: 221

